// Jest Snapshot v1, https://goo.gl/fbAQLP

exports[`components/ActionIcon withOnClick smoke-test 1`] = `
<main class="roboto-normal">
  <div class="actionIcon_root__jjWKK"
       role="button"
  >
    Click Me
  </div>
  <div class="stack_root__KVCbK toast_toast-container__8fZtQ stack_gap-xs__xTnny"
       id="toast-container"
       data-testid="toast-container"
       style="padding: 0px;"
  >
  </div>
</main>
`;
