// Jest Snapshot v1, https://goo.gl/fbAQLP

exports[`components/Card WithContent smoke-test 1`] = `
<main class="roboto-normal">
  <div class="card_card__sba1Z">
    <div>
      Content
    </div>
  </div>
  <div class="stack_root__KVCbK toast_toast-container__8fZtQ stack_gap-xs__xTnny"
       id="toast-container"
       data-testid="toast-container"
       style="padding: 0px;"
  >
  </div>
</main>
`;
